current directory: /Users/usuario/Documents/proyectos/copenet_enterprise/gems/bcrypt-3.1.22/ext/mri
/Users/usuario/.rbenv/versions/3.3.8/bin/ruby extconf.rb
creating Makefile

current directory: /Users/usuario/Documents/proyectos/copenet_enterprise/gems/bcrypt-3.1.22/ext/mri
make DESTDIR\= sitearchdir\=./.gem.20260705-24379-qu8ltv sitelibdir\=./.gem.20260705-24379-qu8ltv clean

current directory: /Users/usuario/Documents/proyectos/copenet_enterprise/gems/bcrypt-3.1.22/ext/mri
make DESTDIR\= sitearchdir\=./.gem.20260705-24379-qu8ltv sitelibdir\=./.gem.20260705-24379-qu8ltv
compiling bcrypt_ext.c
In file included from bcrypt_ext.c:1:
In file included from /Users/usuario/.rbenv/versions/3.3.8/include/ruby-3.3.0/ruby.h:38:
In file included from /Users/usuario/.rbenv/versions/3.3.8/include/ruby-3.3.0/ruby/ruby.h:28:
In file included from /Users/usuario/.rbenv/versions/3.3.8/include/ruby-3.3.0/ruby/internal/arithmetic.h:24:
In file included from /Users/usuario/.rbenv/versions/3.3.8/include/ruby-3.3.0/ruby/internal/arithmetic/char.h:29:
/Users/usuario/.rbenv/versions/3.3.8/include/ruby-3.3.0/ruby/internal/core/rstring.h:398:24: warning: default initialization of an object of type 'struct RString' with const member leaves the object uninitialized [-Wdefault-const-init-field-unsafe]
  398 |         struct RString retval;
      |                        ^
/Users/usuario/.rbenv/versions/3.3.8/include/ruby-3.3.0/ruby/internal/core/rbasic.h:88:17: note: member 'klass' declared 'const' here
   88 |     const VALUE klass;
      |                 ^
bcrypt_ext.c:41:38: warning: implicit conversion loses integer precision: 'long' to 'int' [-Wshorten-64-to-32]
   41 |     args.size   = NIL_P(input) ? 0 : RSTRING_LEN(input);
      |                 ~                    ^~~~~~~~~~~~~~~~~~
/Users/usuario/.rbenv/versions/3.3.8/include/ruby-3.3.0/ruby/internal/core/rstring.h:46:27: note: expanded from macro 'RSTRING_LEN'
   46 | #define RSTRING_LEN       RSTRING_LEN
      |                           ^
2 warnings generated.
compiling crypt_blowfish.c
clang  -D__SKIP_GNU -D_XOPEN_SOURCE -D_DARWIN_C_SOURCE -D_DARWIN_UNLIMITED_SELECT -D_REENTRANT    -c -o x86.o x86.S
compiling crypt_gensalt.c
compiling wrapper.c
wrapper.c:182:60: warning: declaration of 'struct crypt_data' will not be visible outside of this function [-Wvisibility]
  182 | char *crypt_r(const char *key, const char *setting, struct crypt_data *data)
      |                                                            ^
1 warning generated.
linking shared-object bcrypt_ext.bundle

current directory: /Users/usuario/Documents/proyectos/copenet_enterprise/gems/bcrypt-3.1.22/ext/mri
make DESTDIR\= sitearchdir\=./.gem.20260705-24379-qu8ltv sitelibdir\=./.gem.20260705-24379-qu8ltv install
/opt/homebrew/bin/ginstall -c -m 0755 bcrypt_ext.bundle ./.gem.20260705-24379-qu8ltv

current directory: /Users/usuario/Documents/proyectos/copenet_enterprise/gems/bcrypt-3.1.22/ext/mri
make DESTDIR\= sitearchdir\=./.gem.20260705-24379-qu8ltv sitelibdir\=./.gem.20260705-24379-qu8ltv clean
