current directory: /Users/usuario/Documents/proyectos/copenet_enterprise/gems/bindex-0.8.1/ext/skiptrace
/Users/usuario/.rbenv/versions/3.3.8/bin/ruby extconf.rb
creating Makefile

current directory: /Users/usuario/Documents/proyectos/copenet_enterprise/gems/bindex-0.8.1/ext/skiptrace
make DESTDIR\= sitearchdir\=./.gem.20260705-24379-y715lv sitelibdir\=./.gem.20260705-24379-y715lv clean

current directory: /Users/usuario/Documents/proyectos/copenet_enterprise/gems/bindex-0.8.1/ext/skiptrace
make DESTDIR\= sitearchdir\=./.gem.20260705-24379-y715lv sitelibdir\=./.gem.20260705-24379-y715lv
compiling cruby.c
In file included from cruby.c:1:
In file included from /Users/usuario/.rbenv/versions/3.3.8/include/ruby-3.3.0/ruby.h:38:
In file included from /Users/usuario/.rbenv/versions/3.3.8/include/ruby-3.3.0/ruby/ruby.h:28:
In file included from /Users/usuario/.rbenv/versions/3.3.8/include/ruby-3.3.0/ruby/internal/arithmetic.h:24:
In file included from /Users/usuario/.rbenv/versions/3.3.8/include/ruby-3.3.0/ruby/internal/arithmetic/char.h:29:
/Users/usuario/.rbenv/versions/3.3.8/include/ruby-3.3.0/ruby/internal/core/rstring.h:398:24: warning: default initialization of an object of type 'struct RString' with const member leaves the object uninitialized [-Wdefault-const-init-field-unsafe]
  398 |         struct RString retval;
      |                        ^
/Users/usuario/.rbenv/versions/3.3.8/include/ruby-3.3.0/ruby/internal/core/rbasic.h:88:17: note: member 'klass' declared 'const' here
   88 |     const VALUE klass;
      |                 ^
1 warning generated.
linking shared-object skiptrace/internal/cruby.bundle

current directory: /Users/usuario/Documents/proyectos/copenet_enterprise/gems/bindex-0.8.1/ext/skiptrace
make DESTDIR\= sitearchdir\=./.gem.20260705-24379-y715lv sitelibdir\=./.gem.20260705-24379-y715lv install
/opt/homebrew/bin/ginstall -c -m 0755 cruby.bundle ./.gem.20260705-24379-y715lv/skiptrace/internal

current directory: /Users/usuario/Documents/proyectos/copenet_enterprise/gems/bindex-0.8.1/ext/skiptrace
make DESTDIR\= sitearchdir\=./.gem.20260705-24379-y715lv sitelibdir\=./.gem.20260705-24379-y715lv clean
