current directory: /Users/usuario/Documents/proyectos/copenet_enterprise/gems/debug-1.11.1/ext/debug
/Users/usuario/.rbenv/versions/3.3.8/bin/ruby extconf.rb
creating Makefile

current directory: /Users/usuario/Documents/proyectos/copenet_enterprise/gems/debug-1.11.1/ext/debug
make DESTDIR\= sitearchdir\=./.gem.20260705-24379-ykwutf sitelibdir\=./.gem.20260705-24379-ykwutf clean

current directory: /Users/usuario/Documents/proyectos/copenet_enterprise/gems/debug-1.11.1/ext/debug
make DESTDIR\= sitearchdir\=./.gem.20260705-24379-ykwutf sitelibdir\=./.gem.20260705-24379-ykwutf
compiling debug.c
In file included from debug.c:2:
In file included from /Users/usuario/.rbenv/versions/3.3.8/include/ruby-3.3.0/ruby/ruby.h:28:
In file included from /Users/usuario/.rbenv/versions/3.3.8/include/ruby-3.3.0/ruby/internal/arithmetic.h:24:
In file included from /Users/usuario/.rbenv/versions/3.3.8/include/ruby-3.3.0/ruby/internal/arithmetic/char.h:29:
/Users/usuario/.rbenv/versions/3.3.8/include/ruby-3.3.0/ruby/internal/core/rstring.h:398:24: warning: default initialization of an object of type 'struct RString' with const member leaves the object uninitialized [-Wdefault-const-init-field-unsafe]
  398 |         struct RString retval;
      |                        ^
/Users/usuario/.rbenv/versions/3.3.8/include/ruby-3.3.0/ruby/internal/core/rbasic.h:88:17: note: member 'klass' declared 'const' here
   88 |     const VALUE klass;
      |                 ^
1 warning generated.
compiling iseq_collector.c
In file included from iseq_collector.c:1:
In file included from /Users/usuario/.rbenv/versions/3.3.8/include/ruby-3.3.0/ruby/ruby.h:28:
In file included from /Users/usuario/.rbenv/versions/3.3.8/include/ruby-3.3.0/ruby/internal/arithmetic.h:24:
In file included from /Users/usuario/.rbenv/versions/3.3.8/include/ruby-3.3.0/ruby/internal/arithmetic/char.h:29:
/Users/usuario/.rbenv/versions/3.3.8/include/ruby-3.3.0/ruby/internal/core/rstring.h:398:24: warning: default initialization of an object of type 'struct RString' with const member leaves the object uninitialized [-Wdefault-const-init-field-unsafe]
  398 |         struct RString retval;
      |                        ^
/Users/usuario/.rbenv/versions/3.3.8/include/ruby-3.3.0/ruby/internal/core/rbasic.h:88:17: note: member 'klass' declared 'const' here
   88 |     const VALUE klass;
      |                 ^
1 warning generated.
linking shared-object debug/debug.bundle

current directory: /Users/usuario/Documents/proyectos/copenet_enterprise/gems/debug-1.11.1/ext/debug
make DESTDIR\= sitearchdir\=./.gem.20260705-24379-ykwutf sitelibdir\=./.gem.20260705-24379-ykwutf install
/opt/homebrew/bin/ginstall -c -m 0755 debug.bundle ./.gem.20260705-24379-ykwutf/debug

current directory: /Users/usuario/Documents/proyectos/copenet_enterprise/gems/debug-1.11.1/ext/debug
make DESTDIR\= sitearchdir\=./.gem.20260705-24379-ykwutf sitelibdir\=./.gem.20260705-24379-ykwutf clean
